Microchip MPLAB XC8 Compiler V2.46

Linker command line:

-W-3 \
  --edf=C:\Program Files\Microchip\xc8\v2.46\pic\dat\20240104201356_en.msgs \
  -cn -h+dist/default/production\projects.production.sym \
  --cmf=dist/default/production\projects.production.cmf -z -Q18F46K20 \
  -oC:\Users\anter\AppData\Local\Temp\xcAskq4.\driver_tmp_3.o \
  --defsym=__MPLAB_BUILD=1 --fixupoverflow=error \
  -Mdist/default/production/projects.production.map \
  --md=C:\Users\anter\AppData\Local\Temp\xcAskq4.\driver_tmp_0.dat -E1 \
  -ver=XC8 Compiler --acfsm=1493 -ACODE=00h-0FFFFh -ACONST=00h-0FFFFh \
  -ASMALLCONST=01000h-010FFhx240 -AMEDIUMCONST=01000h-0FFFFh \
  -ACOMRAM=01h-05Fh -AABS1=00h-0F5Fh -ABIGRAM=01h-0F5Fh \
  -ARAM=060h-0FFh,0100h-01FFhx14,0F00h-0F5Fh -ABANK0=060h-0FFh \
  -ABANK1=0100h-01FFh -ABANK2=0200h-02FFh -ABANK3=0300h-03FFh \
  -ABANK4=0400h-04FFh -ABANK5=0500h-05FFh -ABANK6=0600h-06FFh \
  -ABANK7=0700h-07FFh -ABANK8=0800h-08FFh -ABANK9=0900h-09FFh \
  -ABANK10=0A00h-0AFFh -ABANK11=0B00h-0BFFh -ABANK12=0C00h-0CFFh \
  -ABANK13=0D00h-0DFFh -ABANK14=0E00h-0EFFh -ABANK15=0F00h-0F5Fh \
  -ASFR=0F60h-0FFFh -ABIGSFR=0F60h-0FFFh -ACONFIG=0300000h-030000Dh \
  -AIDLOC=0200000h-0200007h -AEEDATA=0F00000h-0F003FFh -peeprom_data=EEDATA \
  -preset_vec=00h,intcode=8h,intcodelo,powerup,init -pramtop=01000h \
  -psmallconst=SMALLCONST -pmediumconst=MEDIUMCONST -pconst=CONST \
  -AFARRAM=00h-00h \
  -prdata=COMRAM,nvrram=COMRAM,nvbit=COMRAM,rbss=COMRAM,rbit=COMRAM \
  -pfarbss=FARRAM,fardata=FARRAM,nvFARRAM=FARRAM \
  -pintsave_regs=BIGRAM,bigbss=BIGRAM,bigdata=BIGRAM -pbss=RAM \
  -pidata=CODE,irdata=CODE,ibigdata=CODE,ifardata=CODE -prparam=COMRAM \
  C:\Users\anter\AppData\Local\Temp\xcAskq4.\driver_tmp_9.o \
  dist/default/production\projects.production.o 

Object code version is 3.11

Machine type is 18F46K20



                Name                               Link     Load   Length Selector   Space Scale
C:\Users\anter\AppData\Local\Temp\xcAskq4.\driver_tmp_9.o
                config                           300000   300000        E        0       4
                init                                3FE      3FE        4        4       0
                reset_vec                             0        0        4        0       0
dist/default/production\projects.production.o
                intcode                               8        8      3F6        4       0
                config                           300000   300000        E        0       4
                temp                                 4B       4B        1        1       1
                smallconst                         1000     1000       3C      800       0
                text41                             2A86     2A86        4      81E       0
                text40                             2A82     2A82        4      81E       0
                text39                             2A7E     2A7E        4      81E       0
                text38                             2936     2936       28      81E       0
                text37                             2A50     2A50        A      81E       0
                text36                             2A68     2A68        6      81E       0
                text35                             2A62     2A62        6      81E       0
                text34                             2A02     2A02       1A      81E       0
                text33                             2826     2826       50      81E       0
                text32                             2260     2260      106      81E       0
                text31                             26FC     26FC       6A      81E       0
                text30                             2692     2692       6A      81E       0
                text29                             2432     2432       C6      81E       0
                text28                             259C     259C       86      81E       0
                text27                             2A1C     2A1C       10      81E       0
                text26                             2906     2906       30      81E       0
                text25                             2A7A     2A7A        4      81E       0
                text24                             2A76     2A76        4      81E       0
                text23                             2A72     2A72        4      81E       0
                text22                             29E8     29E8       1A      81E       0
                text21                             29CE     29CE       1A      81E       0
                text20                             29B4     29B4       1A      81E       0
                text19                             299A     299A       1A      81E       0
                text18                             2A44     2A44        C      81E       0
                text17                             2A38     2A38        C      81E       0
                text16                             2A5A     2A5A        8      81E       0
                text15                             2A2C     2A2C        C      81E       0
                text13                             1F38     1F38      112      81E       0
                text12                             204A     204A      110      81E       0
                text11                             27C8     27C8       5E      81E       0
                text10                             2622     2622       70      81E       0
                text9                              2366     2366       CC      81E       0
                text8                              24F8     24F8       A4      81E       0
                text7                              1526     1526      4C2      81E       0
                text6                              19E8     19E8      39C      81E       0
                text5                              215A     215A      106      81E       0
                text4                              1D84     1D84      1B4      81E       0
                text3                              103C     103C      4EA      81E       0
                text2                              28C2     28C2       44      81E       0
                text1                              2876     2876       4C      81E       0
                text0                              297E     297E       1C      81E       0
                cstackCOMRAM                          1        1       36        1       1
                cstackBANK0                          AB       AB       34       60       1
                dataBANK0                            DF       DF       20       60       1
                bssBANK0                             60       60       4B       60       1
                dataCOMRAM                           47       47        4        1       1
                bssCOMRAM                            37       37       10        1       1
                cinit                              2766     2766       62      81E       0
                idataBANK0                         295E     295E       20      81E       0
                idataCOMRAM                        2A6E     2A6E        4      81E       0

TOTAL           Name                               Link     Load   Length     Space
        CLASS   CODE           
                intcode                               8        8      3F6         0
                init                                3FE      3FE        4         0
                reset_vec                             0        0        4         0
                text41                             2A86     2A86        4         0
                text40                             2A82     2A82        4         0
                text39                             2A7E     2A7E        4         0
                text38                             2936     2936       28         0
                text37                             2A50     2A50        A         0
                text36                             2A68     2A68        6         0
                text35                             2A62     2A62        6         0
                text34                             2A02     2A02       1A         0
                text33                             2826     2826       50         0
                text32                             2260     2260      106         0
                text31                             26FC     26FC       6A         0
                text30                             2692     2692       6A         0
                text29                             2432     2432       C6         0
                text28                             259C     259C       86         0
                text27                             2A1C     2A1C       10         0
                text26                             2906     2906       30         0
                text25                             2A7A     2A7A        4         0
                text24                             2A76     2A76        4         0
                text23                             2A72     2A72        4         0
                text22                             29E8     29E8       1A         0
                text21                             29CE     29CE       1A         0
                text20                             29B4     29B4       1A         0
                text19                             299A     299A       1A         0
                text18                             2A44     2A44        C         0
                text17                             2A38     2A38        C         0
                text16                             2A5A     2A5A        8         0
                text15                             2A2C     2A2C        C         0
                text13                             1F38     1F38      112         0
                text12                             204A     204A      110         0
                text11                             27C8     27C8       5E         0
                text10                             2622     2622       70         0
                text9                              2366     2366       CC         0
                text8                              24F8     24F8       A4         0
                text7                              1526     1526      4C2         0
                text6                              19E8     19E8      39C         0
                text5                              215A     215A      106         0
                text4                              1D84     1D84      1B4         0
                text3                              103C     103C      4EA         0
                text2                              28C2     28C2       44         0
                text1                              2876     2876       4C         0
                text0                              297E     297E       1C         0
                cinit                              2766     2766       62         0
                idataBANK0                         295E     295E       20         0
                idataCOMRAM                        2A6E     2A6E        4         0

        CLASS   CONST          

        CLASS   SMALLCONST     
                smallconst                         1000     1000       3C         0

        CLASS   MEDIUMCONST    

        CLASS   COMRAM         
                temp                                 4B       4B        1         1
                cstackCOMRAM                          1        1       36         1
                dataCOMRAM                           47       47        4         1
                bssCOMRAM                            37       37       10         1

        CLASS   ABS1           

        CLASS   BIGRAM         

        CLASS   RAM            

        CLASS   BANK0          
                cstackBANK0                          AB       AB       34         1
                dataBANK0                            DF       DF       20         1
                bssBANK0                             60       60       4B         1

        CLASS   BANK1          

        CLASS   BANK2          

        CLASS   BANK3          

        CLASS   BANK4          

        CLASS   BANK5          

        CLASS   BANK6          

        CLASS   BANK7          

        CLASS   BANK8          

        CLASS   BANK9          

        CLASS   BANK10         

        CLASS   BANK11         

        CLASS   BANK12         

        CLASS   BANK13         

        CLASS   BANK14         

        CLASS   BANK15         

        CLASS   SFR            

        CLASS   BIGSFR         

        CLASS   CONFIG         
                config                           300000   300000        E         4

        CLASS   IDLOC          

        CLASS   EEDATA         

        CLASS   FARRAM         

        CLASS   HEAP           

        CLASS   STACK          



SEGMENTS        Name                           Load    Length   Top    Selector   Space  Class

                reset_vec                      000000  000004  000004         0       0  CODE    
                cstackCOMRAM                   000001  00004B  00004C         1       1  COMRAM  
                intcode                        000008  0003FA  000402         4       0  CODE    
                bssBANK0                       000060  00009F  0000FF        60       1  BANK0   
                smallconst                     001000  00003C  00103C       800       0  SMALLCON
                text3                          00103C  001A4E  002A8A       81E       0  CODE    


UNUSED ADDRESS RANGES

        Name                Unused          Largest block    Delta
        BANK0            0000FF-0000FF                1
        BANK1            000100-0001FF              100
        BANK10           000A00-000AFF              100
        BANK11           000B00-000BFF              100
        BANK12           000C00-000CFF              100
        BANK13           000D00-000DFF              100
        BANK14           000E00-000EFF              100
        BANK15           000F00-000F5F               60
        BANK2            000200-0002FF              100
        BANK3            000300-0003FF              100
        BANK4            000400-0004FF              100
        BANK5            000500-0005FF              100
        BANK6            000600-0006FF              100
        BANK7            000700-0007FF              100
        BANK8            000800-0008FF              100
        BANK9            000900-0009FF              100
        BIGRAM           00004C-00005F               14
                         0000FF-000F5F              E61
        BIGSFR           000F60-000FFF               A0
        CODE             000004-000007                4
                         000402-000FFF              BFE
                         002A8A-00FFFF             D576
        COMRAM           00004C-00005F               14
        CONST            000004-000007                4
                         000402-000FFF              BFE
                         002A8A-00FFFF             D576
        EEDATA           F00000-F003FF              400
        IDLOC            200000-200007                8
        MEDIUMCONST      002A8A-00FFFF             D576
        RAM              0000FF-000F5F              100
        SFR              000F60-000FFF               A0
        SMALLCONST       002A8A-00FFFF              100

                                  Symbol Table

?___fladd                                    cstackCOMRAM 00002F
?___fldiv                                    cstackCOMRAM 000023
?___fltol                                    cstackCOMRAM 000015
?___xxtofl                                   cstackCOMRAM 000015
CCP_Compare_Mode_Set_Value@F3368             bssBANK0     0000A3
EUSART_ASYN_Init@_eusart                     cstackBANK0  0000CB
EUSART_ASYN_Init@ret                         cstackBANK0  0000CC
EUSART_ASYN_RX_Init@_eusart                  cstackCOMRAM 000015
EUSART_ASYN_ReadByteNonBlocking@_data        cstackCOMRAM 000001
EUSART_ASYN_ReadByteNonBlocking@ret          cstackCOMRAM 000002
EUSART_ASYN_TX_Init@_eusart                  cstackCOMRAM 000015
EUSART_ASYN_WriteByteBlocking@_data          cstackCOMRAM 000001
EUSART_ASYN_WriteStringBlocking@_data        cstackCOMRAM 000002
EUSART_ASYN_WriteStringBlocking@char_counter cstackCOMRAM 000007
EUSART_ASYN_WriteStringBlocking@ret          cstackCOMRAM 000006
EUSART_ASYN_WriteStringBlocking@str_len      cstackCOMRAM 000003
EUSART_Baud_Rate_Calculations@Baud_Rate_Temp cstackBANK0  0000C3
EUSART_Baud_Rate_Calculations@_eusart        cstackBANK0  0000C0
EUSART_FramingErrorInterruptHandler@_data_   cstackCOMRAM 000003
RB4_ISR@RB4_source                           cstackCOMRAM 000001
RB5_ISR@RB5_source                           cstackCOMRAM 000001
RB6_ISR@RB6_source                           cstackCOMRAM 000001
RB7_ISR@RB7_source                           cstackCOMRAM 000001
_ADCON0bits                                  (abs)        000FC2
_ADCON1bits                                  (abs)        000FC1
_ADCON2bits                                  (abs)        000FC0
_ADC_ISR                                     text41       002A86
_ADC_InterruptHandler                        bssBANK0     0000A9
_ADRESH                                      (abs)        000FC4
_ADRESL                                      (abs)        000FC3
_BAUDCONbits                                 (abs)        000FB8
_CCP1CONbits                                 (abs)        000FBD
_CCP1_ISR                                    text40       002A82
_CCP1_InterruptHandler                       bssBANK0     0000A7
_CCP2CONbits                                 (abs)        000FBA
_CCP2_ISR                                    text39       002A7E
_CCP2_InterruptHandler                       bssBANK0     0000A5
_CCPR1H                                      (abs)        000FBF
_CCPR1L                                      (abs)        000FBE
_CCPR2H                                      (abs)        000FBC
_CCPR2L                                      (abs)        000FBB
_EEADR                                       (abs)        000FA9
_EEADRH                                      (abs)        000FAA
_EECON1bits                                  (abs)        000FA6
_EECON2                                      (abs)        000FA7
_EEDATA                                      (abs)        000FA8
_EUSART_ASYN_Init                            text2        0028C2
_EUSART_ASYN_RX_Init                         text9        002366
_EUSART_ASYN_RX_Restart                      text36       002A68
_EUSART_ASYN_ReadByteNonBlocking             text38       002936
_EUSART_ASYN_TX_Init                         text8        0024F8
_EUSART_ASYN_WriteByteBlocking               text34       002A02
_EUSART_ASYN_WriteStringBlocking             text33       002826
_EUSART_Baud_Rate_Calculations               text3        00103C
_EUSART_Baud_Rate_Calculations$4534          cstackBANK0  0000C7
_EUSART_FramingErrorHandler                  bssBANK0     00007F
_EUSART_FramingErrorInterruptHandler         text37       002A50
_EUSART_OverrunErrorHandler                  bssBANK0     00007D
_EUSART_OverrunErrorInterruptHandler         text35       002A62
_EUSART_RXInterruptHandler                   bssBANK0     000081
_EUSART_RX_ISR                               text28       00259C
_EUSART_RxDefaultInterruptHandler            text29       002432
_EUSART_TXInterruptHandler                   bssBANK0     000083
_EUSART_TX_ISR                               text26       002906
_EUSART_TxDefaultInterruptHandler            text27       002A1C
_INT0_ISR                                    text25       002A7A
_INT0_InterruptHandler                       bssBANK0     0000A1
_INT1_ISR                                    text24       002A76
_INT1_InterruptHandler                       bssBANK0     00009F
_INT2_ISR                                    text23       002A72
_INT2_InterruptHandler                       bssBANK0     00009D
_INTCON2bits                                 (abs)        000FF1
_INTCON3bits                                 (abs)        000FF0
_INTCONbits                                  (abs)        000FF2
_InterruptManager                            intcode      000008
_LATA                                        (abs)        000F89
_LATB                                        (abs)        000F8A
_LATC                                        (abs)        000F8B
_LATD                                        (abs)        000F8C
_LATE                                        (abs)        000F8D
_PIE1bits                                    (abs)        000F9D
_PIE2bits                                    (abs)        000FA0
_PIR1bits                                    (abs)        000F9E
_PIR2bits                                    (abs)        000FA1
_PORTA                                       (abs)        000F80
_PORTB                                       (abs)        000F81
_PORTBbits                                   (abs)        000F81
_PORTC                                       (abs)        000F82
_PORTD                                       (abs)        000F83
_PORTE                                       (abs)        000F84
_RB4_Flag                                    dataCOMRAM   00004A
_RB4_ISR                                     text22       0029E8
_RB4_InterruptHandler_HIGH                   bssBANK0     00009B
_RB4_InterruptHandler_LOW                    bssBANK0     000099
_RB5_Flag                                    dataCOMRAM   000049
_RB5_ISR                                     text21       0029CE
_RB5_InterruptHandler_HIGH                   bssBANK0     000097
_RB5_InterruptHandler_LOW                    bssBANK0     000095
_RB6_Flag                                    dataCOMRAM   000048
_RB6_ISR                                     text20       0029B4
_RB6_InterruptHandler_HIGH                   bssBANK0     000093
_RB6_InterruptHandler_LOW                    bssBANK0     000091
_RB7_Flag                                    dataCOMRAM   000047
_RB7_ISR                                     text19       00299A
_RB7_InterruptHandler_HIGH                   bssBANK0     00008F
_RB7_InterruptHandler_LOW                    bssBANK0     00008D
_RCREG                                       (abs)        000FAE
_RCSTAbits                                   (abs)        000FAB
_SPBRG                                       (abs)        000FAF
_SPBRGH                                      (abs)        000FB0
_T0CONbits                                   (abs)        000FD5
_T1CONbits                                   (abs)        000FCD
_T2CONbits                                   (abs)        000FCA
_T3CONbits                                   (abs)        000FB1
_TMR0H                                       (abs)        000FD7
_TMR0L                                       (abs)        000FD6
_TMR0_ISR                                    text18       002A44
_TMR0_InterruptHandler                       bssBANK0     00008B
_TMR1H                                       (abs)        000FCF
_TMR1L                                       (abs)        000FCE
_TMR1_ISR                                    text17       002A38
_TMR1_InterruptHandler                       bssBANK0     000089
_TMR2                                        (abs)        000FCC
_TMR2_ISR                                    text16       002A5A
_TMR2_InterruptHandler                       bssBANK0     000087
_TMR3H                                       (abs)        000FB3
_TMR3L                                       (abs)        000FB2
_TMR3_ISR                                    text15       002A2C
_TMR3_InterruptHandler                       bssBANK0     000085
_TRISA                                       (abs)        000F92
_TRISB                                       (abs)        000F93
_TRISC                                       (abs)        000F94
_TRISCbits                                   (abs)        000F94
_TRISD                                       (abs)        000F95
_TRISE                                       (abs)        000F96
_TXREG                                       (abs)        000FAD
_TXSTAbits                                   (abs)        000FAC
__HRAM                                       (abs)        000000
__H__absolute__                              __absolute__ 000000
__Habs1                                      abs1         000000
__Hbank0                                     bank0        000000
__Hbank1                                     bank1        000000
__Hbank10                                    bank10       000000
__Hbank11                                    bank11       000000
__Hbank12                                    bank12       000000
__Hbank13                                    bank13       000000
__Hbank14                                    bank14       000000
__Hbank15                                    bank15       000000
__Hbank2                                     bank2        000000
__Hbank3                                     bank3        000000
__Hbank4                                     bank4        000000
__Hbank5                                     bank5        000000
__Hbank6                                     bank6        000000
__Hbank7                                     bank7        000000
__Hbank8                                     bank8        000000
__Hbank9                                     bank9        000000
__Hbigbss                                    bigbss       000000
__Hbigdata                                   bigdata      000000
__Hbigram                                    bigram       000000
__Hbigsfr                                    bigsfr       000000
__Hbss                                       bss          000000
__HbssBANK0                                  bssBANK0     000000
__HbssCOMRAM                                 bssCOMRAM    000000
__Hcinit                                     cinit        000000
__Hclrtext                                   clrtext      000000
__Hcomram                                    comram       000000
__Hconfig                                    config       30000E
__Hconst                                     const        000000
__HcstackBANK0                               cstackBANK0  000000
__HcstackCOMRAM                              cstackCOMRAM 000000
__Hdata                                      data         000000
__HdataBANK0                                 dataBANK0    000000
__HdataCOMRAM                                dataCOMRAM   000000
__Heeprom_data                               eeprom_data  000000
__Hfarbss                                    farbss       000000
__Hfardata                                   fardata      000000
__Hheap                                      heap         000000
__Hibigdata                                  ibigdata     000000
__Hidata                                     idata        000000
__HidataBANK0                                idataBANK0   000000
__HidataCOMRAM                               idataCOMRAM  000000
__Hidloc                                     idloc        000000
__Hifardata                                  ifardata     000000
__Hinit                                      init         000402
__Hintcode                                   intcode      0003FE
__Hintcode_body                              intcode_body 000000
__Hintcodelo                                 intcodelo    0003FE
__Hintentry                                  intentry     000000
__Hintret                                    intret       000000
__Hintsave_regs                              intsave_regs 000000
__Hirdata                                    irdata       000000
__Hmediumconst                               mediumconst  000000
__HnvFARRAM                                  nvFARRAM     000000
__Hnvbit                                     nvbit        000000
__Hnvrram                                    nvrram       000000
__Hparam                                     rparam       000000
__Hpowerup                                   powerup      0003FE
__Hram                                       ram          000000
__Hramtop                                    ramtop       001000
__Hrbit                                      rbit         000000
__Hrbss                                      rbss         000000
__Hrdata                                     rdata        000000
__Hreset_vec                                 reset_vec    000004
__Hrparam                                    rparam       000000
__Hsfr                                       sfr          000000
__Hsivt_hi                                   sivt_hi      000000
__Hsivt_lo                                   sivt_lo      000000
__Hsmallconst                                smallconst   00103C
__Hspace_0                                   (abs)        002A8A
__Hspace_1                                   (abs)        0000FF
__Hspace_2                                   (abs)        000000
__Hspace_4                                   (abs)        60000E
__Hstack                                     stack        000000
__Hstruct                                    struct       000000
__Htemp                                      temp         00004C
__Htext                                      text         000000
__Htext0                                     text0        000000
__Htext1                                     text1        000000
__Htext10                                    text10       000000
__Htext11                                    text11       000000
__Htext12                                    text12       000000
__Htext13                                    text13       000000
__Htext15                                    text15       000000
__Htext16                                    text16       000000
__Htext17                                    text17       000000
__Htext18                                    text18       000000
__Htext19                                    text19       000000
__Htext2                                     text2        000000
__Htext20                                    text20       000000
__Htext21                                    text21       000000
__Htext22                                    text22       000000
__Htext23                                    text23       000000
__Htext24                                    text24       000000
__Htext25                                    text25       000000
__Htext26                                    text26       000000
__Htext27                                    text27       000000
__Htext28                                    text28       000000
__Htext29                                    text29       000000
__Htext3                                     text3        000000
__Htext30                                    text30       000000
__Htext31                                    text31       000000
__Htext32                                    text32       000000
__Htext33                                    text33       000000
__Htext34                                    text34       000000
__Htext35                                    text35       000000
__Htext36                                    text36       000000
__Htext37                                    text37       000000
__Htext38                                    text38       000000
__Htext39                                    text39       000000
__Htext4                                     text4        000000
__Htext40                                    text40       000000
__Htext41                                    text41       000000
__Htext5                                     text5        000000
__Htext6                                     text6        000000
__Htext7                                     text7        000000
__Htext8                                     text8        000000
__Htext9                                     text9        000000
__LRAM                                       (abs)        000001
__L__absolute__                              __absolute__ 000000
__Labs1                                      abs1         000000
__Lbank0                                     bank0        000000
__Lbank1                                     bank1        000000
__Lbank10                                    bank10       000000
__Lbank11                                    bank11       000000
__Lbank12                                    bank12       000000
__Lbank13                                    bank13       000000
__Lbank14                                    bank14       000000
__Lbank15                                    bank15       000000
__Lbank2                                     bank2        000000
__Lbank3                                     bank3        000000
__Lbank4                                     bank4        000000
__Lbank5                                     bank5        000000
__Lbank6                                     bank6        000000
__Lbank7                                     bank7        000000
__Lbank8                                     bank8        000000
__Lbank9                                     bank9        000000
__Lbigbss                                    bigbss       000000
__Lbigdata                                   bigdata      000000
__Lbigram                                    bigram       000000
__Lbigsfr                                    bigsfr       000000
__Lbss                                       bss          000000
__LbssBANK0                                  bssBANK0     000000
__LbssCOMRAM                                 bssCOMRAM    000000
__Lcinit                                     cinit        000000
__Lclrtext                                   clrtext      000000
__Lcomram                                    comram       000000
__Lconfig                                    config       000000
__Lconst                                     const        000000
__LcstackBANK0                               cstackBANK0  000000
__LcstackCOMRAM                              cstackCOMRAM 000000
__Ldata                                      data         000000
__LdataBANK0                                 dataBANK0    000000
__LdataCOMRAM                                dataCOMRAM   000000
__Leeprom_data                               eeprom_data  000000
__Lfarbss                                    farbss       000000
__Lfardata                                   fardata      000000
__Lheap                                      heap         000000
__Libigdata                                  ibigdata     000000
__Lidata                                     idata        000000
__LidataBANK0                                idataBANK0   000000
__LidataCOMRAM                               idataCOMRAM  000000
__Lidloc                                     idloc        000000
__Lifardata                                  ifardata     000000
__Linit                                      init         0003FE
__Lintcode                                   intcode      000008
__Lintcode_body                              intcode_body 000000
__Lintcodelo                                 intcodelo    0003FE
__Lintentry                                  intentry     000000
__Lintret                                    intret       000000
__Lintsave_regs                              intsave_regs 000000
__Lirdata                                    irdata       000000
__Lmediumconst                               mediumconst  000000
__LnvFARRAM                                  nvFARRAM     000000
__Lnvbit                                     nvbit        000000
__Lnvrram                                    nvrram       000000
__Lparam                                     rparam       000000
__Lpowerup                                   powerup      0003FE
__Lram                                       ram          000000
__Lramtop                                    ramtop       001000
__Lrbit                                      rbit         000000
__Lrbss                                      rbss         000000
__Lrdata                                     rdata        000000
__Lreset_vec                                 reset_vec    000000
__Lrparam                                    rparam       000000
__Lsfr                                       sfr          000000
__Lsivt_hi                                   sivt_hi      000000
__Lsivt_lo                                   sivt_lo      000000
__Lsmallconst                                smallconst   001000
__Lspace_0                                   (abs)        000000
__Lspace_1                                   (abs)        000000
__Lspace_2                                   (abs)        000000
__Lspace_4                                   (abs)        000000
__Lstack                                     stack        000000
__Lstruct                                    struct       000000
__Ltemp                                      temp         00004B
__Ltext                                      text         000000
__Ltext0                                     text0        000000
__Ltext1                                     text1        000000
__Ltext10                                    text10       000000
__Ltext11                                    text11       000000
__Ltext12                                    text12       000000
__Ltext13                                    text13       000000
__Ltext15                                    text15       000000
__Ltext16                                    text16       000000
__Ltext17                                    text17       000000
__Ltext18                                    text18       000000
__Ltext19                                    text19       000000
__Ltext2                                     text2        000000
__Ltext20                                    text20       000000
__Ltext21                                    text21       000000
__Ltext22                                    text22       000000
__Ltext23                                    text23       000000
__Ltext24                                    text24       000000
__Ltext25                                    text25       000000
__Ltext26                                    text26       000000
__Ltext27                                    text27       000000
__Ltext28                                    text28       000000
__Ltext29                                    text29       000000
__Ltext3                                     text3        000000
__Ltext30                                    text30       000000
__Ltext31                                    text31       000000
__Ltext32                                    text32       000000
__Ltext33                                    text33       000000
__Ltext34                                    text34       000000
__Ltext35                                    text35       000000
__Ltext36                                    text36       000000
__Ltext37                                    text37       000000
__Ltext38                                    text38       000000
__Ltext39                                    text39       000000
__Ltext4                                     text4        000000
__Ltext40                                    text40       000000
__Ltext41                                    text41       000000
__Ltext5                                     text5        000000
__Ltext6                                     text6        000000
__Ltext7                                     text7        000000
__Ltext8                                     text8        000000
__Ltext9                                     text9        000000
__S0                                         (abs)        002A8A
__S1                                         (abs)        0000FF
__S4                                         (abs)        000000
__S5                                         (abs)        000000
___fladd                                     text7        001526
___fladd@a                                   cstackCOMRAM 000033
___fladd@aexp                                cstackBANK0  0000BD
___fladd@b                                   cstackCOMRAM 00002F
___fladd@bexp                                cstackBANK0  0000BE
___fladd@grs                                 cstackBANK0  0000BF
___fladd@signs                               cstackBANK0  0000BC
___fldiv                                     text6        0019E8
___fldiv@a                                   cstackCOMRAM 000027
___fldiv@aexp                                cstackBANK0  0000B7
___fldiv@b                                   cstackCOMRAM 000023
___fldiv@bexp                                cstackBANK0  0000B6
___fldiv@grs                                 cstackBANK0  0000B2
___fldiv@new_exp                             cstackBANK0  0000B0
___fldiv@rem                                 cstackBANK0  0000AB
___fldiv@sign                                cstackBANK0  0000AF
___fltol                                     text5        00215A
___fltol@exp1                                cstackCOMRAM 00001E
___fltol@f1                                  cstackCOMRAM 000015
___fltol@sign1                               cstackCOMRAM 00001D
___heap_hi                                   (abs)        000000
___heap_lo                                   (abs)        000000
___inthi_sp                                  stack        000000
___inthi_stack_hi                            stack        000000
___inthi_stack_lo                            stack        000000
___intlo_sp                                  stack        000000
___intlo_stack_hi                            stack        000000
___intlo_stack_lo                            stack        000000
___param_bank                                (abs)        000000
___rparam_used                               (abs)        000001
___sp                                        stack        000000
___stack_hi                                  stack        000000
___stack_lo                                  stack        000000
___xxtofl                                    text4        001D84
___xxtofl@arg                                cstackCOMRAM 00001F
___xxtofl@exp                                cstackCOMRAM 00001E
___xxtofl@sign                               cstackCOMRAM 00001D
___xxtofl@val                                cstackCOMRAM 000015
__accesstop                                  (abs)        000060
__activetblptr                               (abs)        000003
__end_of_ADC_ISR                             text41       002A8A
__end_of_CCP1_ISR                            text40       002A86
__end_of_CCP2_ISR                            text39       002A82
__end_of_EUSART_ASYN_Init                    text2        002906
__end_of_EUSART_ASYN_RX_Init                 text9        002432
__end_of_EUSART_ASYN_RX_Restart              text36       002A6E
__end_of_EUSART_ASYN_ReadByteNonBlocking     text38       00295E
__end_of_EUSART_ASYN_TX_Init                 text8        00259C
__end_of_EUSART_ASYN_WriteByteBlocking       text34       002A1C
__end_of_EUSART_ASYN_WriteStringBlocking     text33       002876
__end_of_EUSART_Baud_Rate_Calculations       text3        001526
__end_of_EUSART_FramingErrorInterruptHandler text37       002A5A
__end_of_EUSART_OverrunErrorInterruptHandler text35       002A68
__end_of_EUSART_RX_ISR                       text28       002622
__end_of_EUSART_RxDefaultInterruptHandler    text29       0024F8
__end_of_EUSART_TX_ISR                       text26       002936
__end_of_EUSART_TxDefaultInterruptHandler    text27       002A2C
__end_of_INT0_ISR                            text25       002A7E
__end_of_INT1_ISR                            text24       002A7A
__end_of_INT2_ISR                            text23       002A76
__end_of_InterruptManager                    intcode      0003FE
__end_of_RB4_ISR                             text22       002A02
__end_of_RB5_ISR                             text21       0029E8
__end_of_RB6_ISR                             text20       0029CE
__end_of_RB7_ISR                             text19       0029B4
__end_of_TMR0_ISR                            text18       002A50
__end_of_TMR1_ISR                            text17       002A44
__end_of_TMR2_ISR                            text16       002A62
__end_of_TMR3_ISR                            text15       002A38
__end_of___fladd                             text7        0019E8
__end_of___fldiv                             text6        001D84
__end_of___fltol                             text5        002260
__end_of___xxtofl                            text4        001F38
__end_of__initialization                     cinit        0027BE
__end_of_btn_values                          smallconst   001011
__end_of_gpio_pin_direction_intialize        text13       00204A
__end_of_gpio_pin_intialize                  text11       002826
__end_of_gpio_pin_write_logic                text12       00215A
__end_of_led_initialize                      text10       002692
__end_of_led_turn_off                        text31       002766
__end_of_led_turn_on                         text30       0026FC
__end_of_main                                text0        00299A
__end_of_usart_module_int_init               text1        0028C2
__end_ofi2_gpio_pin_write_logic              text32       002366
__initialization                             cinit        002766
__mediumconst                                mediumconst  000000
__pbssBANK0                                  bssBANK0     000060
__pbssCOMRAM                                 bssCOMRAM    000037
__pcinit                                     cinit        002766
__pcstackBANK0                               cstackBANK0  0000AB
__pcstackCOMRAM                              cstackCOMRAM 000001
__pdataBANK0                                 dataBANK0    0000DF
__pdataCOMRAM                                dataCOMRAM   000047
__pidataBANK0                                idataBANK0   00295E
__pidataCOMRAM                               idataCOMRAM  002A6E
__pintcode                                   intcode      000008
__psmallconst                                smallconst   001000
__ptext0                                     text0        00297E
__ptext1                                     text1        002876
__ptext10                                    text10       002622
__ptext11                                    text11       0027C8
__ptext12                                    text12       00204A
__ptext13                                    text13       001F38
__ptext15                                    text15       002A2C
__ptext16                                    text16       002A5A
__ptext17                                    text17       002A38
__ptext18                                    text18       002A44
__ptext19                                    text19       00299A
__ptext2                                     text2        0028C2
__ptext20                                    text20       0029B4
__ptext21                                    text21       0029CE
__ptext22                                    text22       0029E8
__ptext23                                    text23       002A72
__ptext24                                    text24       002A76
__ptext25                                    text25       002A7A
__ptext26                                    text26       002906
__ptext27                                    text27       002A1C
__ptext28                                    text28       00259C
__ptext29                                    text29       002432
__ptext3                                     text3        00103C
__ptext30                                    text30       002692
__ptext31                                    text31       0026FC
__ptext32                                    text32       002260
__ptext33                                    text33       002826
__ptext34                                    text34       002A02
__ptext35                                    text35       002A62
__ptext36                                    text36       002A68
__ptext37                                    text37       002A50
__ptext38                                    text38       002936
__ptext39                                    text39       002A7E
__ptext4                                     text4        001D84
__ptext40                                    text40       002A82
__ptext41                                    text41       002A86
__ptext5                                     text5        00215A
__ptext6                                     text6        0019E8
__ptext7                                     text7        001526
__ptext8                                     text8        0024F8
__ptext9                                     text9        002366
__ramtop                                     ramtop       001000
__smallconst                                 smallconst   001000
_btn_values                                  smallconst   001001
_gpio_pin_direction_intialize                text13       001F38
_gpio_pin_intialize                          text11       0027C8
_gpio_pin_write_logic                        text12       00204A
_lat_registers                               dataBANK0    0000E9
_led_1                                       dataBANK0    0000FE
_led_2                                       dataBANK0    0000FD
_led_initialize                              text10       002622
_led_turn_off                                text31       0026FC
_led_turn_on                                 text30       002692
_main                                        text0        00297E
_port_registers                              dataBANK0    0000DF
_rec_uart_data                               bssCOMRAM    000046
_ret                                         bssCOMRAM    00003E
_timer0_preload                              bssCOMRAM    00003B
_timer1_preload                              bssCOMRAM    000039
_timer2_preload                              bssCOMRAM    00003D
_timer3_preload                              bssCOMRAM    000037
_tris_registers                              dataBANK0    0000F3
_usart_module_int_init                       text1        002876
_valid_usart_rx_counter                      bssBANK0     000071
_valid_usart_tx_counter                      bssBANK0     000075
btemp                                        temp         00004B
end_of_initialization                        cinit        0027BE
gpio_pin_direction_intialize@_pin_config     cstackCOMRAM 000015
gpio_pin_direction_intialize@ret             cstackCOMRAM 00001B
gpio_pin_intialize@_pin_config               cstackCOMRAM 00001D
gpio_pin_intialize@ret                       cstackCOMRAM 00001F
gpio_pin_write_logic@_pin_config             cstackCOMRAM 000015
gpio_pin_write_logic@logic                   cstackCOMRAM 000016
gpio_pin_write_logic@ret                     cstackCOMRAM 00001C
i2_gpio_pin_write_logic                      text32       002260
i2gpio_pin_write_logic@_pin_config           cstackCOMRAM 000001
i2gpio_pin_write_logic@logic                 cstackCOMRAM 000002
int$flags                                    temp         00004B
intlevel0                                    text         000000
intlevel1                                    text         000000
intlevel2                                    text         000000
intlevel3                                    text         000000
isa$std                                      (abs)        000001
isa$xinst                                    (abs)        000000
led_initialize@F3310                         bssCOMRAM    000045
led_initialize@led                           cstackCOMRAM 000020
led_initialize@pin_obj                       cstackCOMRAM 000023
led_initialize@ret                           cstackCOMRAM 000022
led_turn_off@F3320                           bssCOMRAM    000043
led_turn_off@led                             cstackCOMRAM 000008
led_turn_off@pin_obj                         cstackCOMRAM 00000A
led_turn_on@F3315                            bssCOMRAM    000044
led_turn_on@led                              cstackCOMRAM 000008
led_turn_on@pin_obj                          cstackCOMRAM 00000A
led_turn_toggle@F3325                        bssCOMRAM    000042
relay_initialize@F3304                       bssCOMRAM    000041
relay_turn_off@F3314                         bssCOMRAM    00003F
relay_turn_on@F3309                          bssCOMRAM    000040
stackhi                                      (abs)        000000
stacklo                                      (abs)        000000
start                                        init         0003FE
start_initialization                         cinit        002766
ttemp5                                       temp         00004C
ttemp6                                       temp         00004F
ttemp7                                       temp         000053
usart_module_int_init@usart_obj              cstackBANK0  0000CD
wtemp8                                       temp         00004C


MODULE INFORMATION

Module		Function		Class		Link	Load	Size
C:\Program Files\Microchip\xc8\v2.46\pic\sources\c99\common\fltol.c
		___fltol       		CODE           	215A	0000	262

C:\Program Files\Microchip\xc8\v2.46\pic\sources\c99\common\fltol.c estimated size: 262

MCAL_Layer/interrupt/mcal_external_interrupt.c
		_RB4_ISR       		CODE           	29E8	0000	26
		_RB5_ISR       		CODE           	29CE	0000	26
		_RB6_ISR       		CODE           	29B4	0000	26
		_RB7_ISR       		CODE           	299A	0000	26
		_INT0_ISR      		CODE           	2A7A	0000	4
		_INT1_ISR      		CODE           	2A76	0000	4
		_INT2_ISR      		CODE           	2A72	0000	4

MCAL_Layer/interrupt/mcal_external_interrupt.c estimated size: 116

C:\Program Files\Microchip\xc8\v2.46\pic\sources\c99\common\xxtofl.c
		___xxtofl      		CODE           	1D84	0000	436

C:\Program Files\Microchip\xc8\v2.46\pic\sources\c99\common\xxtofl.c estimated size: 436

C:\Program Files\Microchip\xc8\v2.46\pic\sources\c99\common\sprcdiv.c
		___fldiv       		CODE           	19E8	0000	924

C:\Program Files\Microchip\xc8\v2.46\pic\sources\c99\common\sprcdiv.c estimated size: 924

shared
		_btn_values    		SMALLCONST     	1001	0000	16
		__initialization		CODE           	2766	0000	88
		i2_gpio_pin_write_logic		CODE           	2260	0000	262

shared estimated size: 366

MCAL_Layer/ADC/hal_adc.c
		_ADC_ISR       		CODE           	2A86	0000	4

MCAL_Layer/ADC/hal_adc.c estimated size: 4

MCAL_Layer/USART/hal_usart.c
		_EUSART_ASYN_ReadByteNonBlocking		CODE           	2936	0000	40
		_EUSART_RX_ISR 		CODE           	259C	0000	134
		_EUSART_TX_ISR 		CODE           	2906	0000	48
		_EUSART_ASYN_Init		CODE           	28C2	0000	68
		_EUSART_ASYN_WriteStringBlocking		CODE           	2826	0000	80
		_EUSART_ASYN_RX_Init		CODE           	2366	0000	204
		_EUSART_ASYN_TX_Init		CODE           	24F8	0000	164
		_EUSART_ASYN_RX_Restart		CODE           	2A68	0000	6
		_EUSART_ASYN_WriteByteBlocking		CODE           	2A02	0000	26
		_EUSART_Baud_Rate_Calculations		CODE           	103C	0000	1258

MCAL_Layer/USART/hal_usart.c estimated size: 2028

MCAL_Layer/GPIO/hal_gpio.c
		_gpio_pin_write_logic		CODE           	204A	0000	272
		_gpio_pin_intialize		CODE           	27C8	0000	94
		_gpio_pin_direction_intialize		CODE           	1F38	0000	274

MCAL_Layer/GPIO/hal_gpio.c estimated size: 640

ECU_Layer/LED/ecu_led.c
		_led_initialize		CODE           	2622	0000	112
		_led_turn_on   		CODE           	2692	0000	106
		_led_turn_off  		CODE           	26FC	0000	106

ECU_Layer/LED/ecu_led.c estimated size: 324

C:\Program Files\Microchip\xc8\v2.46\pic\sources\c99\common\sprcadd.c
		___fladd       		CODE           	1526	0000	1218

C:\Program Files\Microchip\xc8\v2.46\pic\sources\c99\common\sprcadd.c estimated size: 1218

application.c
		_main          		CODE           	297E	0000	28
		_usart_module_int_init		CODE           	2876	0000	76
		_EUSART_FramingErrorInterruptHandler		CODE           	2A50	0000	10
		_EUSART_RxDefaultInterruptHandler		CODE           	2432	0000	198
		_EUSART_TxDefaultInterruptHandler		CODE           	2A1C	0000	16
		_EUSART_OverrunErrorInterruptHandler		CODE           	2A62	0000	6

application.c estimated size: 334

MCAL_Layer/Timer3/hal_timer3.c
		_TMR3_ISR      		CODE           	2A2C	0000	12

MCAL_Layer/Timer3/hal_timer3.c estimated size: 12

MCAL_Layer/Timer2/hal_timer2.c
		_TMR2_ISR      		CODE           	2A5A	0000	8

MCAL_Layer/Timer2/hal_timer2.c estimated size: 8

MCAL_Layer/Timer1/hal_timer1.c
		_TMR1_ISR      		CODE           	2A38	0000	12

MCAL_Layer/Timer1/hal_timer1.c estimated size: 12

MCAL_Layer/Timer0/hal_timer0.c
		_TMR0_ISR      		CODE           	2A44	0000	12

MCAL_Layer/Timer0/hal_timer0.c estimated size: 12

MCAL_Layer/CCP/hal_ccp.c
		_CCP1_ISR      		CODE           	2A82	0000	4
		_CCP2_ISR      		CODE           	2A7E	0000	4

MCAL_Layer/CCP/hal_ccp.c estimated size: 8

MCAL_Layer/interrupt/mcal_interrupt_manager.c
		_InterruptManager		CODE           	0008	0000	1014

MCAL_Layer/interrupt/mcal_interrupt_manager.c estimated size: 1014

