Microchip MPLAB XC8 Compiler V2.46

Linker command line:

-W-3 \
  --edf=C:\Program Files\Microchip\xc8\v2.46\pic\dat\20240104201356_en.msgs \
  -cn -h+dist/default/production\projects.production.sym \
  --cmf=dist/default/production\projects.production.cmf -z -Q18F46K20 \
  -oC:\Users\anter\AppData\Local\Temp\xcAs1bfg.\driver_tmp_3.o \
  --defsym=__MPLAB_BUILD=1 --fixupoverflow=error \
  -Mdist/default/production/projects.production.map \
  --md=C:\Users\anter\AppData\Local\Temp\xcAs1bfg.\driver_tmp_0.dat -E1 \
  -ver=XC8 Compiler --acfsm=1493 -ACODE=00h-0FFFFh -ACONST=00h-0FFFFh \
  -ASMALLCONST=01000h-010FFhx240 -AMEDIUMCONST=01000h-0FFFFh \
  -ACOMRAM=01h-05Fh -AABS1=00h-0F5Fh -ABIGRAM=01h-0F5Fh \
  -ARAM=060h-0FFh,0100h-01FFhx14,0F00h-0F5Fh -ABANK0=060h-0FFh \
  -ABANK1=0100h-01FFh -ABANK2=0200h-02FFh -ABANK3=0300h-03FFh \
  -ABANK4=0400h-04FFh -ABANK5=0500h-05FFh -ABANK6=0600h-06FFh \
  -ABANK7=0700h-07FFh -ABANK8=0800h-08FFh -ABANK9=0900h-09FFh \
  -ABANK10=0A00h-0AFFh -ABANK11=0B00h-0BFFh -ABANK12=0C00h-0CFFh \
  -ABANK13=0D00h-0DFFh -ABANK14=0E00h-0EFFh -ABANK15=0F00h-0F5Fh \
  -ASFR=0F60h-0FFFh -ABIGSFR=0F60h-0FFFh -ACONFIG=0300000h-030000Dh \
  -AIDLOC=0200000h-0200007h -AEEDATA=0F00000h-0F003FFh -peeprom_data=EEDATA \
  -preset_vec=00h,intcode=8h,intcodelo,powerup,init -pramtop=01000h \
  -psmallconst=SMALLCONST -pmediumconst=MEDIUMCONST -pconst=CONST \
  -AFARRAM=00h-00h \
  -prdata=COMRAM,nvrram=COMRAM,nvbit=COMRAM,rbss=COMRAM,rbit=COMRAM \
  -pfarbss=FARRAM,fardata=FARRAM,nvFARRAM=FARRAM \
  -pintsave_regs=BIGRAM,bigbss=BIGRAM,bigdata=BIGRAM -pbss=RAM \
  -pidata=CODE,irdata=CODE,ibigdata=CODE,ifardata=CODE -prparam=COMRAM \
  C:\Users\anter\AppData\Local\Temp\xcAs1bfg.\driver_tmp_9.o \
  dist/default/production\projects.production.o 

Object code version is 3.11

Machine type is 18F46K20



                Name                               Link     Load   Length Selector   Space Scale
C:\Users\anter\AppData\Local\Temp\xcAs1bfg.\driver_tmp_9.o
                config                           300000   300000        E        0       4
                init                                36E      36E        4        4       0
                reset_vec                             0        0        4        0       0
dist/default/production\projects.production.o
                intcode                               8        8      366        4       0
                config                           300000   300000        E        0       4
                temp                                 59       59        1        1       1
                smallconst                         1000     1000       16      800       0
                text17                             1154     1154        4      80B       0
                text16                             1150     1150        4      80B       0
                text15                             114C     114C        4      80B       0
                text14                             1148     1148        4      80B       0
                text13                             1144     1144        4      80B       0
                text12                             1140     1140        4      80B       0
                text11                             10C6     10C6       1A      80B       0
                text10                             10AC     10AC       1A      80B       0
                text9                              1092     1092       1A      80B       0
                text8                              1078     1078       1A      80B       0
                text7                              111C     111C        C      80B       0
                text6                              1110     1110        C      80B       0
                text5                              1132     1132        8      80B       0
                text4                              1104     1104        C      80B       0
                text2                              1158     1158        2      80B       0
                text1                              113A     113A        6      80B       0
                text0                              10F8     10F8        C      80B       0
                cstackCOMRAM                         58       58        1        1       1
                dataBANK0                            6B       6B        A       60       1
                bssBANK0                             60       60        B       60       1
                dataCOMRAM                           40       40       18        1       1
                bssCOMRAM                             1        1       3F        1       1
                cinit                              1016     1016       62      80B       0
                idataBANK0                         1128     1128        A      80B       0
                idataCOMRAM                        10E0     10E0       18      80B       0

TOTAL           Name                               Link     Load   Length     Space
        CLASS   CODE           
                intcode                               8        8      366         0
                init                                36E      36E        4         0
                reset_vec                             0        0        4         0
                text17                             1154     1154        4         0
                text16                             1150     1150        4         0
                text15                             114C     114C        4         0
                text14                             1148     1148        4         0
                text13                             1144     1144        4         0
                text12                             1140     1140        4         0
                text11                             10C6     10C6       1A         0
                text10                             10AC     10AC       1A         0
                text9                              1092     1092       1A         0
                text8                              1078     1078       1A         0
                text7                              111C     111C        C         0
                text6                              1110     1110        C         0
                text5                              1132     1132        8         0
                text4                              1104     1104        C         0
                text2                              1158     1158        2         0
                text1                              113A     113A        6         0
                text0                              10F8     10F8        C         0
                cinit                              1016     1016       62         0
                idataBANK0                         1128     1128        A         0
                idataCOMRAM                        10E0     10E0       18         0

        CLASS   CONST          

        CLASS   SMALLCONST     
                smallconst                         1000     1000       16         0

        CLASS   MEDIUMCONST    

        CLASS   COMRAM         
                temp                                 59       59        1         1
                cstackCOMRAM                         58       58        1         1
                dataCOMRAM                           40       40       18         1
                bssCOMRAM                             1        1       3F         1

        CLASS   ABS1           

        CLASS   BIGRAM         

        CLASS   RAM            

        CLASS   BANK0          
                dataBANK0                            6B       6B        A         1
                bssBANK0                             60       60        B         1

        CLASS   BANK1          

        CLASS   BANK2          

        CLASS   BANK3          

        CLASS   BANK4          

        CLASS   BANK5          

        CLASS   BANK6          

        CLASS   BANK7          

        CLASS   BANK8          

        CLASS   BANK9          

        CLASS   BANK10         

        CLASS   BANK11         

        CLASS   BANK12         

        CLASS   BANK13         

        CLASS   BANK14         

        CLASS   BANK15         

        CLASS   SFR            

        CLASS   BIGSFR         

        CLASS   CONFIG         
                config                           300000   300000        E         4

        CLASS   IDLOC          

        CLASS   EEDATA         

        CLASS   FARRAM         

        CLASS   HEAP           

        CLASS   STACK          



SEGMENTS        Name                           Load    Length   Top    Selector   Space  Class

                reset_vec                      000000  000004  000004         0       0  CODE    
                bssCOMRAM                      000001  000059  00005A         1       1  COMRAM  
                intcode                        000008  00036A  000372         4       0  CODE    
                bssBANK0                       000060  000015  000075        60       1  BANK0   
                smallconst                     001000  000016  001016       800       0  SMALLCON
                cinit                          001016  000144  00115A       80B       0  CODE    


UNUSED ADDRESS RANGES

        Name                Unused          Largest block    Delta
        BANK0            000075-0000FF               8B
        BANK1            000100-0001FF              100
        BANK10           000A00-000AFF              100
        BANK11           000B00-000BFF              100
        BANK12           000C00-000CFF              100
        BANK13           000D00-000DFF              100
        BANK14           000E00-000EFF              100
        BANK15           000F00-000F5F               60
        BANK2            000200-0002FF              100
        BANK3            000300-0003FF              100
        BANK4            000400-0004FF              100
        BANK5            000500-0005FF              100
        BANK6            000600-0006FF              100
        BANK7            000700-0007FF              100
        BANK8            000800-0008FF              100
        BANK9            000900-0009FF              100
        BIGRAM           00005A-00005F                6
                         000075-000F5F              EEB
        BIGSFR           000F60-000FFF               A0
        CODE             000004-000007                4
                         000372-000FFF              C8E
                         00115A-00FFFF             EEA6
        COMRAM           00005A-00005F                6
        CONST            000004-000007                4
                         000372-000FFF              C8E
                         00115A-00FFFF             EEA6
        EEDATA           F00000-F003FF              400
        IDLOC            200000-200007                8
        MEDIUMCONST      00115A-00FFFF             EEA6
        RAM              000075-000F5F              100
        SFR              000F60-000FFF               A0
        SMALLCONST       00115A-00FFFF              100

                                  Symbol Table

CCP_Compare_Mode_Set_Value@F3368 bssCOMRAM    00002F
RB4_ISR@RB4_source               cstackCOMRAM 000058
RB5_ISR@RB5_source               cstackCOMRAM 000058
RB6_ISR@RB6_source               cstackCOMRAM 000058
RB7_ISR@RB7_source               cstackCOMRAM 000058
_ADCON0bits                      (abs)        000FC2
_ADCON1bits                      (abs)        000FC1
_ADCON2bits                      (abs)        000FC0
_ADC_ISR                         text17       001154
_ADC_InterruptHandler            bssCOMRAM    000035
_ADRESH                          (abs)        000FC4
_ADRESL                          (abs)        000FC3
_CCP1CONbits                     (abs)        000FBD
_CCP1_ISR                        text16       001150
_CCP1_InterruptHandler           bssCOMRAM    000033
_CCP2CONbits                     (abs)        000FBA
_CCP2_ISR                        text15       00114C
_CCP2_InterruptHandler           bssCOMRAM    000031
_CCPR1H                          (abs)        000FBF
_CCPR1L                          (abs)        000FBE
_CCPR2H                          (abs)        000FBC
_CCPR2L                          (abs)        000FBB
_EEADR                           (abs)        000FA9
_EEADRH                          (abs)        000FAA
_EECON1bits                      (abs)        000FA6
_EECON2                          (abs)        000FA7
_EEDATA                          (abs)        000FA8
_INT0_ISR                        text14       001148
_INT0_InterruptHandler           bssCOMRAM    00002D
_INT1_ISR                        text13       001144
_INT1_InterruptHandler           bssCOMRAM    00002B
_INT2_ISR                        text12       001140
_INT2_InterruptHandler           bssCOMRAM    000029
_INTCON2bits                     (abs)        000FF1
_INTCON3bits                     (abs)        000FF0
_INTCONbits                      (abs)        000FF2
_InterruptManager                intcode      000008
_LATA                            (abs)        000F89
_LATB                            (abs)        000F8A
_LATC                            (abs)        000F8B
_LATD                            (abs)        000F8C
_LATE                            (abs)        000F8D
_PIE1bits                        (abs)        000F9D
_PIE2bits                        (abs)        000FA0
_PIR1bits                        (abs)        000F9E
_PIR2bits                        (abs)        000FA1
_PORTA                           (abs)        000F80
_PORTB                           (abs)        000F81
_PORTBbits                       (abs)        000F81
_PORTC                           (abs)        000F82
_PORTD                           (abs)        000F83
_PORTE                           (abs)        000F84
_RB4_Flag                        dataCOMRAM   000057
_RB4_ISR                         text11       0010C6
_RB4_InterruptHandler_HIGH       bssCOMRAM    000027
_RB4_InterruptHandler_LOW        bssCOMRAM    000025
_RB5_Flag                        dataCOMRAM   000056
_RB5_ISR                         text10       0010AC
_RB5_InterruptHandler_HIGH       bssCOMRAM    000023
_RB5_InterruptHandler_LOW        bssCOMRAM    000021
_RB6_Flag                        dataCOMRAM   000055
_RB6_ISR                         text9        001092
_RB6_InterruptHandler_HIGH       bssCOMRAM    00001F
_RB6_InterruptHandler_LOW        bssCOMRAM    00001D
_RB7_Flag                        dataCOMRAM   000054
_RB7_ISR                         text8        001078
_RB7_InterruptHandler_HIGH       bssCOMRAM    00001B
_RB7_InterruptHandler_LOW        bssCOMRAM    000019
_T0CONbits                       (abs)        000FD5
_T1CONbits                       (abs)        000FCD
_T2CONbits                       (abs)        000FCA
_T3CONbits                       (abs)        000FB1
_TMR0H                           (abs)        000FD7
_TMR0L                           (abs)        000FD6
_TMR0_ISR                        text7        00111C
_TMR0_InterruptHandler           bssCOMRAM    000017
_TMR1H                           (abs)        000FCF
_TMR1L                           (abs)        000FCE
_TMR1_ISR                        text6        001110
_TMR1_InterruptHandler           bssCOMRAM    000013
_TMR2                            (abs)        000FCC
_TMR2_ISR                        text5        001132
_TMR2_InterruptHandler           bssCOMRAM    00000F
_TMR3H                           (abs)        000FB3
_TMR3L                           (abs)        000FB2
_TMR3_ISR                        text4        001104
_TMR3_InterruptHandler           bssCOMRAM    00000D
_TRISA                           (abs)        000F92
_TRISB                           (abs)        000F93
_TRISC                           (abs)        000F94
_TRISD                           (abs)        000F95
_TRISE                           (abs)        000F96
__HRAM                           (abs)        000000
__H__absolute__                  __absolute__ 000000
__Habs1                          abs1         000000
__Hbank0                         bank0        000000
__Hbank1                         bank1        000000
__Hbank10                        bank10       000000
__Hbank11                        bank11       000000
__Hbank12                        bank12       000000
__Hbank13                        bank13       000000
__Hbank14                        bank14       000000
__Hbank15                        bank15       000000
__Hbank2                         bank2        000000
__Hbank3                         bank3        000000
__Hbank4                         bank4        000000
__Hbank5                         bank5        000000
__Hbank6                         bank6        000000
__Hbank7                         bank7        000000
__Hbank8                         bank8        000000
__Hbank9                         bank9        000000
__Hbigbss                        bigbss       000000
__Hbigdata                       bigdata      000000
__Hbigram                        bigram       000000
__Hbigsfr                        bigsfr       000000
__Hbss                           bss          000000
__HbssBANK0                      bssBANK0     000000
__HbssCOMRAM                     bssCOMRAM    000000
__Hcinit                         cinit        000000
__Hclrtext                       clrtext      000000
__Hcomram                        comram       000000
__Hconfig                        config       30000E
__Hconst                         const        000000
__HcstackCOMRAM                  cstackCOMRAM 000000
__Hdata                          data         000000
__HdataBANK0                     dataBANK0    000000
__HdataCOMRAM                    dataCOMRAM   000000
__Heeprom_data                   eeprom_data  000000
__Hfarbss                        farbss       000000
__Hfardata                       fardata      000000
__Hheap                          heap         000000
__Hibigdata                      ibigdata     000000
__Hidata                         idata        000000
__HidataBANK0                    idataBANK0   000000
__HidataCOMRAM                   idataCOMRAM  000000
__Hidloc                         idloc        000000
__Hifardata                      ifardata     000000
__Hinit                          init         000372
__Hintcode                       intcode      00036E
__Hintcode_body                  intcode_body 000000
__Hintcodelo                     intcodelo    00036E
__Hintentry                      intentry     000000
__Hintret                        intret       000000
__Hintsave_regs                  intsave_regs 000000
__Hirdata                        irdata       000000
__Hmediumconst                   mediumconst  000000
__HnvFARRAM                      nvFARRAM     000000
__Hnvbit                         nvbit        000000
__Hnvrram                        nvrram       000000
__Hparam                         rparam       000000
__Hpowerup                       powerup      00036E
__Hram                           ram          000000
__Hramtop                        ramtop       001000
__Hrbit                          rbit         000000
__Hrbss                          rbss         000000
__Hrdata                         rdata        000000
__Hreset_vec                     reset_vec    000004
__Hrparam                        rparam       000000
__Hsfr                           sfr          000000
__Hsivt_hi                       sivt_hi      000000
__Hsivt_lo                       sivt_lo      000000
__Hsmallconst                    smallconst   001016
__Hspace_0                       (abs)        00115A
__Hspace_1                       (abs)        000075
__Hspace_2                       (abs)        000000
__Hspace_4                       (abs)        60000E
__Hstack                         stack        000000
__Hstruct                        struct       000000
__Htemp                          temp         00005A
__Htext                          text         000000
__Htext0                         text0        000000
__Htext1                         text1        000000
__Htext10                        text10       000000
__Htext11                        text11       000000
__Htext12                        text12       000000
__Htext13                        text13       000000
__Htext14                        text14       000000
__Htext15                        text15       000000
__Htext16                        text16       000000
__Htext17                        text17       000000
__Htext2                         text2        000000
__Htext4                         text4        000000
__Htext5                         text5        000000
__Htext6                         text6        000000
__Htext7                         text7        000000
__Htext8                         text8        000000
__Htext9                         text9        000000
__LRAM                           (abs)        000001
__L__absolute__                  __absolute__ 000000
__Labs1                          abs1         000000
__Lbank0                         bank0        000000
__Lbank1                         bank1        000000
__Lbank10                        bank10       000000
__Lbank11                        bank11       000000
__Lbank12                        bank12       000000
__Lbank13                        bank13       000000
__Lbank14                        bank14       000000
__Lbank15                        bank15       000000
__Lbank2                         bank2        000000
__Lbank3                         bank3        000000
__Lbank4                         bank4        000000
__Lbank5                         bank5        000000
__Lbank6                         bank6        000000
__Lbank7                         bank7        000000
__Lbank8                         bank8        000000
__Lbank9                         bank9        000000
__Lbigbss                        bigbss       000000
__Lbigdata                       bigdata      000000
__Lbigram                        bigram       000000
__Lbigsfr                        bigsfr       000000
__Lbss                           bss          000000
__LbssBANK0                      bssBANK0     000000
__LbssCOMRAM                     bssCOMRAM    000000
__Lcinit                         cinit        000000
__Lclrtext                       clrtext      000000
__Lcomram                        comram       000000
__Lconfig                        config       000000
__Lconst                         const        000000
__LcstackCOMRAM                  cstackCOMRAM 000000
__Ldata                          data         000000
__LdataBANK0                     dataBANK0    000000
__LdataCOMRAM                    dataCOMRAM   000000
__Leeprom_data                   eeprom_data  000000
__Lfarbss                        farbss       000000
__Lfardata                       fardata      000000
__Lheap                          heap         000000
__Libigdata                      ibigdata     000000
__Lidata                         idata        000000
__LidataBANK0                    idataBANK0   000000
__LidataCOMRAM                   idataCOMRAM  000000
__Lidloc                         idloc        000000
__Lifardata                      ifardata     000000
__Linit                          init         00036E
__Lintcode                       intcode      000008
__Lintcode_body                  intcode_body 000000
__Lintcodelo                     intcodelo    00036E
__Lintentry                      intentry     000000
__Lintret                        intret       000000
__Lintsave_regs                  intsave_regs 000000
__Lirdata                        irdata       000000
__Lmediumconst                   mediumconst  000000
__LnvFARRAM                      nvFARRAM     000000
__Lnvbit                         nvbit        000000
__Lnvrram                        nvrram       000000
__Lparam                         rparam       000000
__Lpowerup                       powerup      00036E
__Lram                           ram          000000
__Lramtop                        ramtop       001000
__Lrbit                          rbit         000000
__Lrbss                          rbss         000000
__Lrdata                         rdata        000000
__Lreset_vec                     reset_vec    000000
__Lrparam                        rparam       000000
__Lsfr                           sfr          000000
__Lsivt_hi                       sivt_hi      000000
__Lsivt_lo                       sivt_lo      000000
__Lsmallconst                    smallconst   001000
__Lspace_0                       (abs)        000000
__Lspace_1                       (abs)        000000
__Lspace_2                       (abs)        000000
__Lspace_4                       (abs)        000000
__Lstack                         stack        000000
__Lstruct                        struct       000000
__Ltemp                          temp         000059
__Ltext                          text         000000
__Ltext0                         text0        000000
__Ltext1                         text1        000000
__Ltext10                        text10       000000
__Ltext11                        text11       000000
__Ltext12                        text12       000000
__Ltext13                        text13       000000
__Ltext14                        text14       000000
__Ltext15                        text15       000000
__Ltext16                        text16       000000
__Ltext17                        text17       000000
__Ltext2                         text2        000000
__Ltext4                         text4        000000
__Ltext5                         text5        000000
__Ltext6                         text6        000000
__Ltext7                         text7        000000
__Ltext8                         text8        000000
__Ltext9                         text9        000000
__S0                             (abs)        00115A
__S1                             (abs)        000075
__S4                             (abs)        000000
__S5                             (abs)        000000
___heap_hi                       (abs)        000000
___heap_lo                       (abs)        000000
___inthi_sp                      stack        000000
___inthi_stack_hi                stack        000000
___inthi_stack_lo                stack        000000
___intlo_sp                      stack        000000
___intlo_stack_hi                stack        000000
___intlo_stack_lo                stack        000000
___param_bank                    (abs)        000000
___rparam_used                   (abs)        000001
___sp                            stack        000000
___stack_hi                      stack        000000
___stack_lo                      stack        000000
__accesstop                      (abs)        000060
__activetblptr                   (abs)        000003
__end_of_ADC_ISR                 text17       001158
__end_of_CCP1_ISR                text16       001154
__end_of_CCP2_ISR                text15       001150
__end_of_INT0_ISR                text14       00114C
__end_of_INT1_ISR                text13       001148
__end_of_INT2_ISR                text12       001144
__end_of_InterruptManager        intcode      00036E
__end_of_RB4_ISR                 text11       0010E0
__end_of_RB5_ISR                 text10       0010C6
__end_of_RB6_ISR                 text9        0010AC
__end_of_RB7_ISR                 text8        001092
__end_of_TMR0_ISR                text7        001128
__end_of_TMR1_ISR                text6        00111C
__end_of_TMR2_ISR                text5        00113A
__end_of_TMR3_ISR                text4        001110
__end_of__initialization         cinit        00106E
__end_of_application_intialize   text1        001140
__end_of_btn_values              smallconst   001011
__end_of_ecu_layer_initialize    text2        00115A
__end_of_main                    text0        001104
__initialization                 cinit        001016
__mediumconst                    mediumconst  000000
__pbssBANK0                      bssBANK0     000060
__pbssCOMRAM                     bssCOMRAM    000001
__pcinit                         cinit        001016
__pcstackCOMRAM                  cstackCOMRAM 000058
__pdataBANK0                     dataBANK0    00006B
__pdataCOMRAM                    dataCOMRAM   000040
__pidataBANK0                    idataBANK0   001128
__pidataCOMRAM                   idataCOMRAM  0010E0
__pintcode                       intcode      000008
__psmallconst                    smallconst   001000
__ptext0                         text0        0010F8
__ptext1                         text1        00113A
__ptext10                        text10       0010AC
__ptext11                        text11       0010C6
__ptext12                        text12       001140
__ptext13                        text13       001144
__ptext14                        text14       001148
__ptext15                        text15       00114C
__ptext16                        text16       001150
__ptext17                        text17       001154
__ptext2                         text2        001158
__ptext4                         text4        001104
__ptext5                         text5        001132
__ptext6                         text6        001110
__ptext7                         text7        00111C
__ptext8                         text8        001078
__ptext9                         text9        001092
__ramtop                         ramtop       001000
__smallconst                     smallconst   001000
_application_intialize           text1        00113A
_btn_values                      smallconst   001001
_ecu_layer_initialize            text2        001158
_lat_registers                   dataCOMRAM   000040
_main                            text0        0010F8
_port_registers                  dataBANK0    00006B
_ret                             bssCOMRAM    000038
_timer0_preload                  bssCOMRAM    000015
_timer1_preload                  bssCOMRAM    000011
_timer2_preload                  bssCOMRAM    000037
_timer3_preload                  bssCOMRAM    00000B
_tris_registers                  dataCOMRAM   00004A
btemp                            temp         000059
end_of_initialization            cinit        00106E
int$flags                        temp         000059
intlevel0                        text         000000
intlevel1                        text         000000
intlevel2                        text         000000
intlevel3                        text         000000
isa$std                          (abs)        000001
isa$xinst                        (abs)        000000
led_initialize@F3310             bssCOMRAM    00003F
led_turn_off@F3320               bssCOMRAM    00003D
led_turn_on@F3315                bssCOMRAM    00003E
led_turn_toggle@F3325            bssCOMRAM    00003C
relay_initialize@F3304           bssCOMRAM    00003B
relay_turn_off@F3314             bssCOMRAM    000039
relay_turn_on@F3309              bssCOMRAM    00003A
stackhi                          (abs)        000000
stacklo                          (abs)        000000
start                            init         00036E
start_initialization             cinit        001016
ttemp5                           temp         00005A
ttemp6                           temp         00005D
ttemp7                           temp         000061
wtemp8                           temp         00005A


MODULE INFORMATION

Module		Function		Class		Link	Load	Size
MCAL_Layer/interrupt/mcal_external_interrupt.c
		_RB4_ISR       		CODE           	10C6	0000	26
		_RB5_ISR       		CODE           	10AC	0000	26
		_RB6_ISR       		CODE           	1092	0000	26
		_RB7_ISR       		CODE           	1078	0000	26
		_INT0_ISR      		CODE           	1148	0000	4
		_INT1_ISR      		CODE           	1144	0000	4
		_INT2_ISR      		CODE           	1140	0000	4

MCAL_Layer/interrupt/mcal_external_interrupt.c estimated size: 116

shared
		_btn_values    		SMALLCONST     	1001	0000	16
		__initialization		CODE           	1016	0000	88

shared estimated size: 104

MCAL_Layer/ADC/hal_adc.c
		_ADC_ISR       		CODE           	1154	0000	4

MCAL_Layer/ADC/hal_adc.c estimated size: 4

ECU_Layer/ecu_layer_init.c
		_ecu_layer_initialize		CODE           	1158	0000	2

ECU_Layer/ecu_layer_init.c estimated size: 2

application.c
		_main          		CODE           	10F8	0000	12
		_application_intialize		CODE           	113A	0000	6

application.c estimated size: 18

MCAL_Layer/Timer3/hal_timer3.c
		_TMR3_ISR      		CODE           	1104	0000	12

MCAL_Layer/Timer3/hal_timer3.c estimated size: 12

MCAL_Layer/Timer2/hal_timer2.c
		_TMR2_ISR      		CODE           	1132	0000	8

MCAL_Layer/Timer2/hal_timer2.c estimated size: 8

MCAL_Layer/Timer1/hal_timer1.c
		_TMR1_ISR      		CODE           	1110	0000	12

MCAL_Layer/Timer1/hal_timer1.c estimated size: 12

MCAL_Layer/Timer0/hal_timer0.c
		_TMR0_ISR      		CODE           	111C	0000	12

MCAL_Layer/Timer0/hal_timer0.c estimated size: 12

MCAL_Layer/CCP/hal_ccp.c
		_CCP1_ISR      		CODE           	1150	0000	4
		_CCP2_ISR      		CODE           	114C	0000	4

MCAL_Layer/CCP/hal_ccp.c estimated size: 8

MCAL_Layer/interrupt/mcal_interrupt_manager.c
		_InterruptManager		CODE           	0008	0000	870

MCAL_Layer/interrupt/mcal_interrupt_manager.c estimated size: 870

